Checking files... 0/1 (%filename%)
Checking files... 1/1 (Bar.php)

No problems found! :)
